Disk /opt/crossink-kobo-build/artifacts/kobo/release/crossink-kobo-n437-beta1.img: 14.52 GiB, 15590227968 bytes, 30449664 sectors
Units: sectors of 1 * 512 = 512 bytes
Sector size (logical/physical): 512 bytes / 512 bytes
I/O size (minimum/optimal): 512 bytes / 512 bytes
Disklabel type: dos
Disk identifier: 0x00000000

Old situation:

Device                                                                        Boot   Start     End Sectors  Size Id Type
/opt/crossink-kobo-build/artifacts/kobo/release/crossink-kobo-n437-beta1.img1        30720   79871   49152   24M 83 Linux
/opt/crossink-kobo-build/artifacts/kobo/release/crossink-kobo-n437-beta1.img2       104448 1128447 1024000  500M 83 Linux
/opt/crossink-kobo-build/artifacts/kobo/release/crossink-kobo-n437-beta1.img3      1128448 1390591  262144  128M 83 Linux
/opt/crossink-kobo-build/artifacts/kobo/release/crossink-kobo-n437-beta1.img4      1390592 7744511 6353920    3G 83 Linux

>>> Script header accepted.
>>> Script header accepted.
>>> Script header accepted.
>>> Created a new DOS (MBR) disklabel with disk identifier 0x4370b001.
/opt/crossink-kobo-build/artifacts/kobo/release/crossink-kobo-n437-beta1.img1: Created a new partition 1 of type 'Linux' and of size 24 MiB.
/opt/crossink-kobo-build/artifacts/kobo/release/crossink-kobo-n437-beta1.img2: Created a new partition 2 of type 'Linux' and of size 128 MiB.
/opt/crossink-kobo-build/artifacts/kobo/release/crossink-kobo-n437-beta1.img3: Created a new partition 3 of type 'Linux' and of size 512 MiB.
/opt/crossink-kobo-build/artifacts/kobo/release/crossink-kobo-n437-beta1.img4: Created a new partition 4 of type 'Linux' and of size 13.8 GiB.
All partitions used.

New situation:
Disklabel type: dos
Disk identifier: 0x4370b001

Device                                                                        Boot   Start      End  Sectors  Size Id Type
/opt/crossink-kobo-build/artifacts/kobo/release/crossink-kobo-n437-beta1.img1        30720    79871    49152   24M 83 Linux
/opt/crossink-kobo-build/artifacts/kobo/release/crossink-kobo-n437-beta1.img2       104448   366591   262144  128M 83 Linux
/opt/crossink-kobo-build/artifacts/kobo/release/crossink-kobo-n437-beta1.img3       366592  1415167  1048576  512M 83 Linux
/opt/crossink-kobo-build/artifacts/kobo/release/crossink-kobo-n437-beta1.img4      1415168 30449663 29034496 13.8G 83 Linux

The partition table has been altered.
Created /opt/crossink-kobo-build/artifacts/kobo/release/crossink-kobo-n437-beta1.img
Manifest /opt/crossink-kobo-build/artifacts/kobo/release/crossink-kobo-n437-beta1.img.manifest
